[SMTC] Mock backend initialized
[SMTC] WinRT backend initialized (winrt-go)
[Handlers] HTTP handlers initialized
2026/04/21 20:58:01 config.go:191: [Info] Log level: info
2026/04/21 20:58:01 config.go:191: [Info] Log output: stdout
[SMTC] Using WinRT backend
2026/04/21 20:58:01 main.go:104: [Info] OmniLyrics Bridge starting on http://localhost:8080/
2026/04/21 20:58:01 main.go:105: [Info] Cache dir: D:\zsy\Documents\mysource\OmniLyrics\Cache
2026/04/21 20:58:01 main.go:106: [Info] Config dir: D:\zsy\Documents\mysource\OmniLyrics\Config
